# libshishi.maps -- versioning script to control what symbols to export
# Copyright (C) 2005, 2006, 2007, 2008, 2009 Simon Josefsson.
#
# This file is part of Shishi.
#
# Shishi is free software; you can redistribute it and/or modify it
# under the terms of the GNU General Public License as published by
# the Free Software Foundation; either version 3 of the License, or
# (at your option) any later version.
#
# Shishi is distributed in the hope that it will be useful, but
# WITHOUT ANY WARRANTY; without even the implied warranty of
# MERCHANTABILITY or FITNESS FOR A PARTICULAR PURPOSE.  See the GNU
# General Public License for more details.
#
# You should have received a copy of the GNU General Public License
# along with Shishi; if not, see http://www.gnu.org/licenses or write
# to the Free Software Foundation, Inc., 51 Franklin Street, Fifth
# Floor, Boston, MA 02110-1301, USA.

SHISHI_0.0 {
  global:

  # Variables:
    shishi_alloc_fail_function;

  # Functions:
    shishi;
    shishi_3des;
    shishi_aes_cts;
    shishi_ap;
    shishi_ap_authenticator;
    shishi_ap_authenticator_cksumdata;
    shishi_ap_authenticator_cksumdata_set;
    shishi_ap_authenticator_cksumraw_set;
    shishi_ap_authenticator_cksumtype;
    shishi_ap_authenticator_cksumtype_set;
    shishi_ap_authenticator_set;
    shishi_ap_done;
    shishi_ap_encapreppart;
    shishi_ap_encapreppart_set;
    shishi_ap_etype;
    shishi_ap_etype_tktoptionsdata;
    shishi_ap_key;
    shishi_ap_nosubkey;
    shishi_ap_option2string;
    shishi_ap_rep;
    shishi_ap_rep_asn1;
    shishi_ap_rep_build;
    shishi_ap_rep_der;
    shishi_ap_rep_der_set;
    shishi_ap_rep_set;
    shishi_ap_rep_verify;
    shishi_ap_rep_verify_asn1;
    shishi_ap_rep_verify_der;
    shishi_ap_req;
    shishi_ap_req_asn1;
    shishi_ap_req_build;
    shishi_ap_req_decode;
    shishi_ap_req_der;
    shishi_ap_req_der_set;
    shishi_ap_req_process;
    shishi_ap_req_process_keyusage;
    shishi_ap_req_set;
    shishi_ap_set_tktoptions;
    shishi_ap_set_tktoptionsasn1usage;
    shishi_ap_set_tktoptionsdata;
    shishi_ap_set_tktoptionsraw;
    shishi_ap_string2option;
    shishi_ap_tkt;
    shishi_ap_tkt_set;
    shishi_ap_tktoptions;
    shishi_ap_tktoptionsasn1usage;
    shishi_ap_tktoptionsdata;
    shishi_ap_tktoptionsraw;
    shishi_aprep;
    shishi_aprep_decrypt;
    shishi_aprep_enc_part_add;
    shishi_aprep_enc_part_make;
    shishi_aprep_enc_part_set;
    shishi_aprep_from_file;
    shishi_aprep_get_enc_part_etype;
    shishi_aprep_parse;
    shishi_aprep_print;
    shishi_aprep_read;
    shishi_aprep_save;
    shishi_aprep_to_file;
    shishi_aprep_verify;
    shishi_apreq;
    shishi_apreq_add_authenticator;
    shishi_apreq_decrypt;
    shishi_apreq_from_file;
    shishi_apreq_get_authenticator_etype;
    shishi_apreq_get_ticket;
    shishi_apreq_mutual_required_p;
    shishi_apreq_options;
    shishi_apreq_options_add;
    shishi_apreq_options_remove;
    shishi_apreq_options_set;
    shishi_apreq_parse;
    shishi_apreq_print;
    shishi_apreq_read;
    shishi_apreq_save;
    shishi_apreq_set_authenticator;
    shishi_apreq_set_ticket;
    shishi_apreq_to_file;
    shishi_apreq_use_session_key_p;
    shishi_arcfour;
    shishi_as;
    shishi_as_check_cname;
    shishi_as_check_crealm;
    shishi_as_derive_salt;
    shishi_as_done;
    shishi_as_krberror;
    shishi_as_krberror_der;
    shishi_as_krberror_set;
    shishi_as_process;
    shishi_as_rep;
    shishi_as_rep_build;
    shishi_as_rep_der;
    shishi_as_rep_der_set;
    shishi_as_rep_process;
    shishi_as_rep_set;
    shishi_as_req;
    shishi_as_req_build;
    shishi_as_req_der;
    shishi_as_req_der_set;
    shishi_as_req_set;
    shishi_as_sendrecv;
    shishi_as_sendrecv_hint;
    shishi_as_tkt;
    shishi_as_tkt_set;
    shishi_asn1_aprep;
    shishi_asn1_apreq;
    shishi_asn1_asrep;
    shishi_asn1_asreq;
    shishi_asn1_authenticator;
    shishi_asn1_done;
    shishi_asn1_empty_p;
    shishi_asn1_encapreppart;
    shishi_asn1_encasreppart;
    shishi_asn1_enckdcreppart;
    shishi_asn1_encprivpart;
    shishi_asn1_encrypteddata;
    shishi_asn1_encticketpart;
    shishi_asn1_etype_info;
    shishi_asn1_etype_info2;
    shishi_asn1_krberror;
    shishi_asn1_krbsafe;
    shishi_asn1_methoddata;
    shishi_asn1_msgtype;
    shishi_asn1_number_of_elements;
    shishi_asn1_pa_enc_ts_enc;
    shishi_asn1_padata;
    shishi_asn1_print;
    shishi_asn1_priv;
    shishi_asn1_read;
    shishi_asn1_read_bitstring;
    shishi_asn1_read_inline;
    shishi_asn1_read_int32;
    shishi_asn1_read_integer;
    shishi_asn1_read_optional;
    shishi_asn1_read_uint32;
    shishi_asn1_tgsrep;
    shishi_asn1_tgsreq;
    shishi_asn1_ticket;
    shishi_asn1_to_der;
    shishi_asn1_to_der_field;
    shishi_asn1_write;
    shishi_asn1_write_bitstring;
    shishi_asn1_write_int32;
    shishi_asn1_write_integer;
    shishi_asn1_write_uint32;
    shishi_asrep;
    shishi_asreq;
    shishi_asreq_clientrealm;
    shishi_authenticator;
    shishi_authenticator_add_authorizationdata;
    shishi_authenticator_add_cksum;
    shishi_authenticator_add_cksum_type;
    shishi_authenticator_add_random_subkey;
    shishi_authenticator_add_random_subkey_etype;
    shishi_authenticator_add_subkey;
    shishi_authenticator_authorizationdata;
    shishi_authenticator_cksum;
    shishi_authenticator_clear_authorizationdata;
    shishi_authenticator_client;
    shishi_authenticator_client_set;
    shishi_authenticator_clientrealm;
    shishi_authenticator_ctime;
    shishi_authenticator_ctime_set;
    shishi_authenticator_cusec_get;
    shishi_authenticator_cusec_set;
    shishi_authenticator_from_file;
    shishi_authenticator_get_subkey;
    shishi_authenticator_parse;
    shishi_authenticator_print;
    shishi_authenticator_read;
    shishi_authenticator_remove_cksum;
    shishi_authenticator_remove_subkey;
    shishi_authenticator_save;
    shishi_authenticator_seqnumber_get;
    shishi_authenticator_seqnumber_remove;
    shishi_authenticator_seqnumber_set;
    shishi_authenticator_set_cksum;
    shishi_authenticator_set_cname;
    shishi_authenticator_set_crealm;
    shishi_authenticator_set_subkey;
    shishi_authenticator_subkey;
    shishi_authenticator_to_file;
    shishi_authorization_parse;
    shishi_authorize_k5login;
    shishi_authorize_strcmp;
    shishi_authorized_p;
    shishi_cfg;
    shishi_cfg_authorizationtype_set;
    shishi_cfg_clientkdcetype;
    shishi_cfg_clientkdcetype_fast;
    shishi_cfg_clientkdcetype_set;
    shishi_cfg_default_systemfile;
    shishi_cfg_default_userdirectory;
    shishi_cfg_default_userfile;
    shishi_cfg_from_file;
    shishi_cfg_print;
    shishi_cfg_userdirectory_file;
    shishi_check_version;
    shishi_checksum;
    shishi_checksum_cksumlen;
    shishi_checksum_name;
    shishi_checksum_parse;
    shishi_checksum_supported_p;
    shishi_cipher_blocksize;
    shishi_cipher_confoundersize;
    shishi_cipher_defaultcksumtype;
    shishi_cipher_keylen;
    shishi_cipher_name;
    shishi_cipher_parse;
    shishi_cipher_randomlen;
    shishi_cipher_supported_p;
    shishi_crc;
    shishi_crypto;
    shishi_crypto_close;
    shishi_crypto_decrypt;
    shishi_crypto_encrypt;
    shishi_ctime;
    shishi_decrypt;
    shishi_decrypt_etype;
    shishi_decrypt_iv;
    shishi_decrypt_iv_etype;
    shishi_decrypt_ivupdate;
    shishi_decrypt_ivupdate_etype;
    shishi_der2asn1;
    shishi_der2asn1_aprep;
    shishi_der2asn1_apreq;
    shishi_der2asn1_asrep;
    shishi_der2asn1_asreq;
    shishi_der2asn1_authenticator;
    shishi_der2asn1_encapreppart;
    shishi_der2asn1_encasreppart;
    shishi_der2asn1_enckdcreppart;
    shishi_der2asn1_encprivpart;
    shishi_der2asn1_enctgsreppart;
    shishi_der2asn1_encticketpart;
    shishi_der2asn1_etype_info;
    shishi_der2asn1_etype_info2;
    shishi_der2asn1_kdcrep;
    shishi_der2asn1_kdcreq;
    shishi_der2asn1_krberror;
    shishi_der2asn1_krbsafe;
    shishi_der2asn1_methoddata;
    shishi_der2asn1_padata;
    shishi_der2asn1_priv;
    shishi_der2asn1_tgsrep;
    shishi_der2asn1_tgsreq;
    shishi_der2asn1_ticket;
    shishi_der_msgtype;
    shishi_derive_default_salt;
    shishi_des;
    shishi_des_cbc_mac;
    shishi_dk;
    shishi_done;
    shishi_dr;
    shishi_encapreppart;
    shishi_encapreppart_ctime;
    shishi_encapreppart_ctime_set;
    shishi_encapreppart_cusec_get;
    shishi_encapreppart_cusec_set;
    shishi_encapreppart_from_file;
    shishi_encapreppart_get_key;
    shishi_encapreppart_parse;
    shishi_encapreppart_print;
    shishi_encapreppart_read;
    shishi_encapreppart_save;
    shishi_encapreppart_seqnumber_get;
    shishi_encapreppart_seqnumber_remove;
    shishi_encapreppart_seqnumber_set;
    shishi_encapreppart_time_copy;
    shishi_encapreppart_to_file;
    shishi_encasreppart;
    shishi_enckdcreppart;
    shishi_enckdcreppart_authtime_set;
    shishi_enckdcreppart_endtime_set;
    shishi_enckdcreppart_flags_set;
    shishi_enckdcreppart_get_key;
    shishi_enckdcreppart_key_set;
    shishi_enckdcreppart_nonce_set;
    shishi_enckdcreppart_parse;
    shishi_enckdcreppart_populate_encticketpart;
    shishi_enckdcreppart_print;
    shishi_enckdcreppart_read;
    shishi_enckdcreppart_renew_till_set;
    shishi_enckdcreppart_save;
    shishi_enckdcreppart_server_set;
    shishi_enckdcreppart_sname_set;
    shishi_enckdcreppart_srealm_set;
    shishi_enckdcreppart_srealmserver_set;
    shishi_enckdcreppart_starttime_set;
    shishi_encprivpart_set_user_data;
    shishi_encprivpart_user_data;
    shishi_encrypt;
    shishi_encrypt_etype;
    shishi_encrypt_iv;
    shishi_encrypt_iv_etype;
    shishi_encrypt_ivupdate;
    shishi_encrypt_ivupdate_etype;
    shishi_encticketpart;
    shishi_encticketpart_authctime;
    shishi_encticketpart_authtime;
    shishi_encticketpart_authtime_set;
    shishi_encticketpart_client;
    shishi_encticketpart_clientrealm;
    shishi_encticketpart_cname_set;
    shishi_encticketpart_crealm;
    shishi_encticketpart_crealm_set;
    shishi_encticketpart_endtime_set;
    shishi_encticketpart_flags_set;
    shishi_encticketpart_get_key;
    shishi_encticketpart_key_set;
    shishi_encticketpart_print;
    shishi_encticketpart_transited_set;
    shishi_error;
    shishi_error_clear;
    shishi_error_outputtype;
    shishi_error_printf;
    shishi_error_set;
    shishi_error_set_outputtype;
    shishi_etype_info2_print;
    shishi_etype_info_print;
    shishi_generalize_ctime;
    shishi_generalize_now;
    shishi_generalize_time;
    shishi_get_date;
    shishi_hmac_md5;
    shishi_hmac_sha1;
    shishi_hostkeys_default_file;
    shishi_hostkeys_default_file_set;
    shishi_hostkeys_for_localservice;
    shishi_hostkeys_for_localservicerealm;
    shishi_hostkeys_for_server;
    shishi_hostkeys_for_serverrealm;
    shishi_info;
    shishi_init;
    shishi_init_server;
    shishi_init_server_with_paths;
    shishi_init_with_paths;
    shishi_kdc_check_nonce;
    shishi_kdc_copy_cname;
    shishi_kdc_copy_crealm;
    shishi_kdc_copy_nonce;
    shishi_kdc_process;
    shishi_kdc_sendrecv;
    shishi_kdc_sendrecv_hint;
    shishi_kdcrep_add_enc_part;
    shishi_kdcrep_clear_padata;
    shishi_kdcrep_client_set;
    shishi_kdcrep_cname_set;
    shishi_kdcrep_crealm_set;
    shishi_kdcrep_crealmserver_set;
    shishi_kdcrep_decrypt;
    shishi_kdcrep_from_file;
    shishi_kdcrep_get_enc_part_etype;
    shishi_kdcrep_get_ticket;
    shishi_kdcrep_parse;
    shishi_kdcrep_print;
    shishi_kdcrep_read;
    shishi_kdcrep_save;
    shishi_kdcrep_set_enc_part;
    shishi_kdcrep_set_ticket;
    shishi_kdcrep_to_file;
    shishi_kdcreq_add_padata;
    shishi_kdcreq_add_padata_preauth;
    shishi_kdcreq_add_padata_tgs;
    shishi_kdcreq_allow_postdate_p;
    shishi_kdcreq_build;
    shishi_kdcreq_clear_padata;
    shishi_kdcreq_client;
    shishi_kdcreq_disable_transited_check_p;
    shishi_kdcreq_enc_tkt_in_skey_p;
    shishi_kdcreq_etype;
    shishi_kdcreq_forwardable_p;
    shishi_kdcreq_forwarded_p;
    shishi_kdcreq_from_file;
    shishi_kdcreq_get_padata;
    shishi_kdcreq_get_padata_tgs;
    shishi_kdcreq_nonce;
    shishi_kdcreq_nonce_set;
    shishi_kdcreq_options;
    shishi_kdcreq_options_add;
    shishi_kdcreq_options_set;
    shishi_kdcreq_parse;
    shishi_kdcreq_postdated_p;
    shishi_kdcreq_print;
    shishi_kdcreq_proxiable_p;
    shishi_kdcreq_proxy_p;
    shishi_kdcreq_read;
    shishi_kdcreq_realm;
    shishi_kdcreq_realm_get;
    shishi_kdcreq_renew_p;
    shishi_kdcreq_renewable_ok_p;
    shishi_kdcreq_renewable_p;
    shishi_kdcreq_save;
    shishi_kdcreq_sendrecv;
    shishi_kdcreq_sendrecv_hint;
    shishi_kdcreq_server;
    shishi_kdcreq_set_cname;
    shishi_kdcreq_set_etype;
    shishi_kdcreq_set_realm;
    shishi_kdcreq_set_realmserver;
    shishi_kdcreq_set_server;
    shishi_kdcreq_set_sname;
    shishi_kdcreq_till;
    shishi_kdcreq_tillc;
    shishi_kdcreq_to_file;
    shishi_kdcreq_validate_p;
    shishi_key;
    shishi_key_copy;
    shishi_key_done;
    shishi_key_from_base64;
    shishi_key_from_name;
    shishi_key_from_random;
    shishi_key_from_string;
    shishi_key_from_value;
    shishi_key_length;
    shishi_key_name;
    shishi_key_parse;
    shishi_key_principal;
    shishi_key_principal_set;
    shishi_key_print;
    shishi_key_random;
    shishi_key_realm;
    shishi_key_realm_set;
    shishi_key_to_file;
    shishi_key_type;
    shishi_key_type_set;
    shishi_key_value;
    shishi_key_value_set;
    shishi_key_version;
    shishi_key_version_set;
    shishi_keys;
    shishi_keys_add;
    shishi_keys_add_keytab_file;
    shishi_keys_add_keytab_mem;
    shishi_keys_done;
    shishi_keys_for_localservicerealm_in_file;
    shishi_keys_for_server_in_file;
    shishi_keys_for_serverrealm_in_file;
    shishi_keys_from_keytab_file;
    shishi_keys_from_keytab_mem;
    shishi_keys_nth;
    shishi_keys_print;
    shishi_keys_remove;
    shishi_keys_size;
    shishi_keys_to_file;
    shishi_krberror;
    shishi_krberror_build;
    shishi_krberror_client;
    shishi_krberror_client_set;
    shishi_krberror_crealm;
    shishi_krberror_ctime;
    shishi_krberror_ctime_set;
    shishi_krberror_cusec;
    shishi_krberror_cusec_set;
    shishi_krberror_der;
    shishi_krberror_edata;
    shishi_krberror_errorcode;
    shishi_krberror_errorcode_fast;
    shishi_krberror_errorcode_message;
    shishi_krberror_errorcode_set;
    shishi_krberror_etext;
    shishi_krberror_from_file;
    shishi_krberror_message;
    shishi_krberror_methoddata;
    shishi_krberror_parse;
    shishi_krberror_pretty_print;
    shishi_krberror_print;
    shishi_krberror_read;
    shishi_krberror_realm;
    shishi_krberror_remove_cname;
    shishi_krberror_remove_crealm;
    shishi_krberror_remove_ctime;
    shishi_krberror_remove_cusec;
    shishi_krberror_remove_edata;
    shishi_krberror_remove_etext;
    shishi_krberror_remove_sname;
    shishi_krberror_save;
    shishi_krberror_server;
    shishi_krberror_server_set;
    shishi_krberror_set_cname;
    shishi_krberror_set_crealm;
    shishi_krberror_set_edata;
    shishi_krberror_set_etext;
    shishi_krberror_set_realm;
    shishi_krberror_set_sname;
    shishi_krberror_stime;
    shishi_krberror_stime_set;
    shishi_krberror_susec;
    shishi_krberror_susec_set;
    shishi_krberror_to_file;
    shishi_md4;
    shishi_md5;
    shishi_methoddata_print;
    shishi_n_fold;
    shishi_padata_print;
    shishi_parse_name;
    shishi_pbkdf2_sha1;
    shishi_principal_default;
    shishi_principal_default_guess;
    shishi_principal_default_set;
    shishi_principal_name;
    shishi_principal_name_realm;
    shishi_principal_name_set;
    shishi_principal_set;
    shishi_priv;
    shishi_priv_build;
    shishi_priv_done;
    shishi_priv_enc_part_etype;
    shishi_priv_encprivpart;
    shishi_priv_encprivpart_der;
    shishi_priv_encprivpart_der_set;
    shishi_priv_encprivpart_set;
    shishi_priv_from_file;
    shishi_priv_key;
    shishi_priv_key_set;
    shishi_priv_parse;
    shishi_priv_print;
    shishi_priv_priv;
    shishi_priv_priv_der;
    shishi_priv_priv_der_set;
    shishi_priv_priv_set;
    shishi_priv_process;
    shishi_priv_read;
    shishi_priv_save;
    shishi_priv_set_enc_part;
    shishi_priv_to_file;
    shishi_prompt_password;
    shishi_prompt_password_callback_get;
    shishi_prompt_password_callback_set;
    shishi_random_to_key;
    shishi_randomize;
    shishi_realm_default;
    shishi_realm_default_guess;
    shishi_realm_default_set;
    shishi_realm_for_server;
    shishi_realm_for_server_dns;
    shishi_realm_for_server_file;
    shishi_resolv;
    shishi_resolv_free;
    shishi_safe;
    shishi_safe_build;
    shishi_safe_cksum;
    shishi_safe_done;
    shishi_safe_from_file;
    shishi_safe_key;
    shishi_safe_key_set;
    shishi_safe_parse;
    shishi_safe_print;
    shishi_safe_read;
    shishi_safe_safe;
    shishi_safe_safe_der;
    shishi_safe_safe_der_set;
    shishi_safe_safe_set;
    shishi_safe_save;
    shishi_safe_set_cksum;
    shishi_safe_set_user_data;
    shishi_safe_to_file;
    shishi_safe_user_data;
    shishi_safe_verify;
    shishi_server;
    shishi_server_for_local_service;
    shishi_strerror;
    shishi_string_to_key;
    shishi_tgs;
    shishi_tgs_ap;
    shishi_tgs_done;
    shishi_tgs_krberror;
    shishi_tgs_krberror_der;
    shishi_tgs_krberror_set;
    shishi_tgs_process;
    shishi_tgs_rep;
    shishi_tgs_rep_build;
    shishi_tgs_rep_der;
    shishi_tgs_rep_process;
    shishi_tgs_req;
    shishi_tgs_req_build;
    shishi_tgs_req_der;
    shishi_tgs_req_der_set;
    shishi_tgs_req_process;
    shishi_tgs_req_set;
    shishi_tgs_sendrecv;
    shishi_tgs_sendrecv_hint;
    shishi_tgs_set_realm;
    shishi_tgs_set_realmserver;
    shishi_tgs_set_server;
    shishi_tgs_tgtkt;
    shishi_tgs_tgtkt_set;
    shishi_tgs_tkt;
    shishi_tgs_tkt_set;
    shishi_tgsrep;
    shishi_tgsreq;
    shishi_ticket;
    shishi_ticket_add_enc_part;
    shishi_ticket_decrypt;
    shishi_ticket_get_enc_part_etype;
    shishi_ticket_parse;
    shishi_ticket_print;
    shishi_ticket_read;
    shishi_ticket_realm_get;
    shishi_ticket_realm_set;
    shishi_ticket_save;
    shishi_ticket_server;
    shishi_ticket_set_enc_part;
    shishi_ticket_set_server;
    shishi_ticket_sname_set;
    shishi_ticket_srealmserver_set;
    shishi_time;
    shishi_tkt;
    shishi_tkt2;
    shishi_tkt_authctime;
    shishi_tkt_authtime;
    shishi_tkt_build;
    shishi_tkt_client;
    shishi_tkt_client_p;
    shishi_tkt_clientrealm;
    shishi_tkt_clientrealm_p;
    shishi_tkt_clientrealm_set;
    shishi_tkt_decrypt;
    shishi_tkt_done;
    shishi_tkt_enckdcreppart;
    shishi_tkt_enckdcreppart_set;
    shishi_tkt_encticketpart;
    shishi_tkt_encticketpart_set;
    shishi_tkt_endctime;
    shishi_tkt_endtime;
    shishi_tkt_expired_p;
    shishi_tkt_flags;
    shishi_tkt_flags_add;
    shishi_tkt_flags_set;
    shishi_tkt_forwardable_p;
    shishi_tkt_forwarded_p;
    shishi_tkt_hw_authent_p;
    shishi_tkt_initial_p;
    shishi_tkt_invalid_p;
    shishi_tkt_kdcrep;
    shishi_tkt_key;
    shishi_tkt_key_set;
    shishi_tkt_keytype;
    shishi_tkt_keytype_fast;
    shishi_tkt_keytype_p;
    shishi_tkt_lastreq;
    shishi_tkt_lastreq_pretty_print;
    shishi_tkt_lastreqc;
    shishi_tkt_match_p;
    shishi_tkt_may_postdate_p;
    shishi_tkt_ok_as_delegate_p;
    shishi_tkt_postdated_p;
    shishi_tkt_pre_authent_p;
    shishi_tkt_pretty_print;
    shishi_tkt_proxiable_p;
    shishi_tkt_proxy_p;
    shishi_tkt_realm;
    shishi_tkt_renew_till;
    shishi_tkt_renew_tillc;
    shishi_tkt_renewable_p;
    shishi_tkt_server;
    shishi_tkt_server_p;
    shishi_tkt_serverrealm_set;
    shishi_tkt_startctime;
    shishi_tkt_starttime;
    shishi_tkt_ticket;
    shishi_tkt_ticket_set;
    shishi_tkt_to_ccache_mem;
    shishi_tkt_transited_policy_checked_p;
    shishi_tkt_valid_at_time_p;
    shishi_tkt_valid_now_p;
    shishi_tkts;
    shishi_tkts_add;
    shishi_tkts_add_ccache_file;
    shishi_tkts_add_ccache_mem;
    shishi_tkts_default;
    shishi_tkts_default_ccache;
    shishi_tkts_default_ccache_guess;
    shishi_tkts_default_ccache_set;
    shishi_tkts_default_file;
    shishi_tkts_default_file_guess;
    shishi_tkts_default_file_set;
    shishi_tkts_default_to_file;
    shishi_tkts_done;
    shishi_tkts_expire;
    shishi_tkts_find;
    shishi_tkts_find_for_clientserver;
    shishi_tkts_find_for_server;
    shishi_tkts_from_ccache_file;
    shishi_tkts_from_ccache_mem;
    shishi_tkts_from_file;
    shishi_tkts_get;
    shishi_tkts_get_for_clientserver;
    shishi_tkts_get_for_localservicepasswd;
    shishi_tkts_get_for_server;
    shishi_tkts_get_tgs;
    shishi_tkts_get_tgt;
    shishi_tkts_new;
    shishi_tkts_nth;
    shishi_tkts_print;
    shishi_tkts_print_for_service;
    shishi_tkts_read;
    shishi_tkts_remove;
    shishi_tkts_size;
    shishi_tkts_to_ccache_mem;
    shishi_tkts_to_file;
    shishi_tkts_write;
    shishi_verbose;
    shishi_verify;
    shishi_warn;
    shishi_x509ca_default_file;
    shishi_x509ca_default_file_guess;
    shishi_x509ca_default_file_set;
    shishi_x509cert_default_file;
    shishi_x509cert_default_file_guess;
    shishi_x509cert_default_file_set;
    shishi_x509key_default_file;
    shishi_x509key_default_file_guess;
    shishi_x509key_default_file_set;
    shishi_xalloc_die;

  local:
    *;
};
